// Jest Snapshot v1, https://jestjs.io/docs/snapshot-testing

exports[`route inventory snapshot matches the committed route snapshot 1`] = `
[
  "GET    /^[^.]*$/",
  "GET    /api/admin/announcements",
  "POST   /api/admin/announcements",
  "DELETE /api/admin/announcements/:id",
  "PUT    /api/admin/announcements/:id",
  "GET    /api/admin/audit-logs",
  "GET    /api/admin/invite-codes",
  "POST   /api/admin/invite-codes",
  "DELETE /api/admin/invite-codes/:id",
  "GET    /api/admin/organizations",
  "POST   /api/admin/organizations",
  "DELETE /api/admin/organizations/:id",
  "GET    /api/admin/organizations/:id",
  "PUT    /api/admin/organizations/:id",
  "GET    /api/admin/pay-periods",
  "POST   /api/admin/pay-periods",
  "DELETE /api/admin/pay-periods/:id",
  "GET    /api/admin/registration-settings",
  "PUT    /api/admin/registration-settings",
  "GET    /api/admin/role-requests",
  "POST   /api/admin/role-requests/:id/approve",
  "POST   /api/admin/role-requests/:id/cancel",
  "POST   /api/admin/role-requests/:id/reject",
  "GET    /api/admin/stats",
  "GET    /api/admin/task-labels",
  "POST   /api/admin/task-labels",
  "DELETE /api/admin/task-labels/:id",
  "PUT    /api/admin/task-labels/:id",
  "GET    /api/admin/tenants",
  "POST   /api/admin/tenants",
  "DELETE /api/admin/tenants/:id",
  "GET    /api/admin/tenants/:id",
  "PUT    /api/admin/tenants/:id",
  "GET    /api/admin/tenants/:id/access-requests",
  "POST   /api/admin/tenants/:id/access-requests",
  "PUT    /api/admin/tenants/:id/domain",
  "POST   /api/admin/tenants/:id/exit-impersonate",
  "PUT    /api/admin/tenants/:id/features",
  "POST   /api/admin/tenants/:id/impersonate",
  "GET    /api/admin/tenants/:id/impersonation-session",
  "PUT    /api/admin/tenants/:id/limits",
  "PUT    /api/admin/tenants/:id/plan",
  "PUT    /api/admin/tenants/:id/reactivate",
  "POST   /api/admin/tenants/:id/seed",
  "GET    /api/admin/tenants/:id/stats",
  "PUT    /api/admin/tenants/:id/suspend",
  "GET    /api/admin/tenants/:id/users",
  "POST   /api/admin/tenants/:id/users",
  "PUT    /api/admin/tenants/:tenantId/users/:userId/deactivate",
  "GET    /api/admin/tenants/access-requests",
  "DELETE /api/admin/tenants/access-requests/:reqId",
  "GET    /api/admin/tenants/alerts",
  "GET    /api/admin/tenants/audit-logs",
  "GET    /api/admin/tenants/impersonation-policy",
  "PUT    /api/admin/tenants/impersonation-policy",
  "GET    /api/admin/tenants/overview",
  "GET    /api/admin/tenants/plan-catalog",
  "PUT    /api/admin/tenants/plan-catalog",
  "POST   /api/admin/tenants/plan-catalog/reset",
  "GET    /api/admin/tenants/platform-config",
  "PUT    /api/admin/tenants/platform-config",
  "GET    /api/admin/tenants/platform-users",
  "POST   /api/admin/tenants/platform-users",
  "PUT    /api/admin/tenants/platform-users/:id/deactivate",
  "POST   /api/admin/tenants/platform-users/:id/reset-password",
  "GET    /api/admin/users",
  "POST   /api/admin/users",
  "DELETE /api/admin/users/:id",
  "GET    /api/admin/users/:id",
  "PUT    /api/admin/users/:id/assignment",
  "PUT    /api/admin/users/:id/deactivate",
  "DELETE /api/admin/users/:id/face-enroll",
  "POST   /api/admin/users/:id/reset-password",
  "PUT    /api/admin/users/:id/role",
  "POST   /api/admin/users/import",
  "GET    /api/agile/config",
  "POST   /api/agile/permissions/cancel-request",
  "GET    /api/agile/permissions/grants",
  "DELETE /api/agile/permissions/grants/:id",
  "GET    /api/agile/permissions/me",
  "POST   /api/agile/permissions/request",
  "GET    /api/agile/permissions/requests",
  "PUT    /api/agile/permissions/requests/:id",
  "GET    /api/agile/settings",
  "PUT    /api/agile/settings",
  "GET    /api/agile/work-item-types",
  "POST   /api/agile/work-item-types",
  "DELETE /api/agile/work-item-types/:id",
  "PUT    /api/agile/work-item-types/:id",
  "PUT    /api/agile/work-item-types/reorder",
  "GET    /api/agile/workflow-states",
  "POST   /api/agile/workflow-states",
  "DELETE /api/agile/workflow-states/:id",
  "PUT    /api/agile/workflow-states/:id",
  "PUT    /api/agile/workflow-states/reorder",
  "GET    /api/auth/biometric",
  "DELETE /api/auth/biometric/:id",
  "POST   /api/auth/biometric/enroll",
  "POST   /api/auth/biometric/login",
  "POST   /api/auth/device-token",
  "POST   /api/auth/forgot-password",
  "POST   /api/auth/login",
  "POST   /api/auth/logout",
  "POST   /api/auth/refresh",
  "POST   /api/auth/register",
  "GET    /api/auth/registration-mode",
  "POST   /api/auth/reset-password",
  "GET    /api/auth/webauthn",
  "DELETE /api/auth/webauthn/:id",
  "POST   /api/auth/webauthn/login/options",
  "POST   /api/auth/webauthn/login/verify",
  "POST   /api/auth/webauthn/register/options",
  "POST   /api/auth/webauthn/register/verify",
  "GET    /api/branding",
  "PUT    /api/branding",
  "GET    /api/branding/email-templates",
  "DELETE /api/branding/email-templates/:templateKey",
  "PUT    /api/branding/email-templates/:templateKey",
  "POST   /api/branding/email-templates/:templateKey/preview",
  "DELETE /api/branding/logo",
  "POST   /api/branding/logo",
  "GET    /api/calendar",
  "POST   /api/calendar",
  "DELETE /api/calendar/:id",
  "PUT    /api/calendar/:id",
  "GET    /api/chat/blocked",
  "GET    /api/chat/calls",
  "POST   /api/chat/calls/:callId/accept",
  "POST   /api/chat/calls/:callId/end",
  "GET    /api/chat/calls/:callId/media-session",
  "POST   /api/chat/calls/:callId/reject",
  "GET    /api/chat/calls/active",
  "POST   /api/chat/calls/delete",
  "GET    /api/chat/conversations",
  "POST   /api/chat/conversations",
  "DELETE /api/chat/conversations/:id",
  "POST   /api/chat/conversations/:id/archive",
  "GET    /api/chat/conversations/:id/calls",
  "POST   /api/chat/conversations/:id/favourite",
  "GET    /api/chat/conversations/:id/files",
  "POST   /api/chat/conversations/:id/files",
  "PUT    /api/chat/conversations/:id/group",
  "POST   /api/chat/conversations/:id/leave",
  "GET    /api/chat/conversations/:id/members",
  "DELETE /api/chat/conversations/:id/messages",
  "GET    /api/chat/conversations/:id/messages",
  "POST   /api/chat/conversations/:id/messages",
  "POST   /api/chat/conversations/:id/mute",
  "PUT    /api/chat/conversations/:id/participants/:userId/role",
  "POST   /api/chat/conversations/:id/pin",
  "GET    /api/chat/conversations/:id/pinned",
  "POST   /api/chat/conversations/:id/polls",
  "POST   /api/chat/conversations/:id/read",
  "GET    /api/chat/conversations/:id/read-status",
  "POST   /api/chat/conversations/:id/transfer-owner",
  "POST   /api/chat/conversations/:id/unread",
  "POST   /api/chat/conversations/group",
  "GET    /api/chat/ice-config",
  "GET    /api/chat/link-preview",
  "POST   /api/chat/media-jobs/:id/cancel",
  "POST   /api/chat/media-jobs/:id/retry",
  "DELETE /api/chat/messages/:id",
  "PUT    /api/chat/messages/:id",
  "POST   /api/chat/messages/:id/delivered",
  "POST   /api/chat/messages/:id/forward",
  "POST   /api/chat/messages/:id/pin",
  "POST   /api/chat/messages/:id/reactions",
  "POST   /api/chat/messages/:id/star",
  "POST   /api/chat/messages/:id/view",
  "GET    /api/chat/polls/:id",
  "POST   /api/chat/polls/:id/vote",
  "GET    /api/chat/presence",
  "GET    /api/chat/search",
  "GET    /api/chat/search-messages",
  "GET    /api/chat/starred",
  "DELETE /api/chat/users/:userId/block",
  "POST   /api/chat/users/:userId/block",
  "GET    /api/compensation/bank-details",
  "GET    /api/compensation/bank-details/:userId",
  "POST   /api/compensation/bank-details/:userId",
  "POST   /api/compensation/bank-details/:userId/approve",
  "POST   /api/compensation/bank-details/:userId/reject",
  "POST   /api/compensation/bank-details/:userId/verify",
  "GET    /api/compensation/bank-verifications",
  "GET    /api/compensation/ctc-config",
  "PUT    /api/compensation/ctc-config",
  "POST   /api/compensation/disburse",
  "POST   /api/compensation/disburse/:slipId",
  "POST   /api/compensation/disburse/retry/:id",
  "GET    /api/compensation/disbursements",
  "GET    /api/compensation/employees",
  "GET    /api/compensation/employees/:userId",
  "POST   /api/compensation/employees/:userId",
  "PUT    /api/compensation/employees/:userId/:id",
  "GET    /api/compensation/my-bank-details",
  "POST   /api/compensation/my-bank-details",
  "GET    /api/compensation/my-slips",
  "GET    /api/compensation/my-slips/:id/pdf",
  "GET    /api/compensation/payment-config",
  "PUT    /api/compensation/payment-config",
  "POST   /api/compensation/payment-config/test",
  "POST   /api/compensation/payroll-run",
  "GET    /api/compensation/salary-slips",
  "GET    /api/compensation/salary-slips/:id",
  "GET    /api/compensation/salary-slips/:id/pdf",
  "PUT    /api/compensation/salary-slips/:id/publish",
  "POST   /api/compensation/salary-slips/bulk-publish",
  "GET    /api/compensation/templates",
  "POST   /api/compensation/templates",
  "DELETE /api/compensation/templates/:id",
  "PUT    /api/compensation/templates/:id",
  "GET    /api/custom-fields",
  "POST   /api/custom-fields",
  "DELETE /api/custom-fields/:id",
  "PUT    /api/custom-fields/:id",
  "GET    /api/custom-fields/all",
  "PUT    /api/custom-fields/reorder",
  "GET    /api/custom-fields/task/:taskId",
  "PUT    /api/custom-fields/task/:taskId",
  "GET    /api/export/my-analytics",
  "GET    /api/export/my-leaves",
  "GET    /api/export/my-tasks",
  "GET    /api/export/payroll-hours",
  "GET    /api/export/team-analytics",
  "GET    /api/export/team-leaves",
  "GET    /api/giphy/search",
  "GET    /api/giphy/trending",
  "GET    /api/health",
  "GET    /api/integrations",
  "DELETE /api/integrations/:id",
  "GET    /api/integrations/:id/webhook",
  "POST   /api/integrations/github",
  "POST   /api/integrations/github/disconnect",
  "GET    /api/integrations/github/oauth/callback",
  "POST   /api/integrations/github/oauth/start",
  "GET    /api/integrations/github/repos",
  "DELETE /api/integrations/github/repos/:fullName",
  "POST   /api/integrations/github/repos/connect",
  "GET    /api/integrations/github/status",
  "GET    /api/internal/db-pool-stats",
  "GET    /api/internal/migration-status",
  "GET    /api/internal/ws-stats",
  "GET    /api/leave-policy/balances",
  "GET    /api/leave-policy/balances/:userId",
  "PUT    /api/leave-policy/balances/:userId",
  "GET    /api/leave-policy/holidays",
  "POST   /api/leave-policy/holidays",
  "DELETE /api/leave-policy/holidays/:id",
  "POST   /api/leave-policy/holidays/batch",
  "GET    /api/leave-policy/policies",
  "POST   /api/leave-policy/policies",
  "DELETE /api/leave-policy/policies/:id",
  "GET    /api/leaves",
  "POST   /api/leaves",
  "DELETE /api/leaves/:id",
  "PATCH  /api/leaves/:id/approve",
  "PATCH  /api/leaves/:id/reject",
  "PATCH  /api/leaves/:id/revoke",
  "POST   /api/leaves/:id/withdraw",
  "GET    /api/leaves/balance",
  "GET    /api/leaves/monthly-summary",
  "GET    /api/leaves/pending",
  "GET    /api/leaves/summary",
  "GET    /api/manager/approvals",
  "POST   /api/manager/approvals/:id/approve",
  "POST   /api/manager/approvals/:id/reject",
  "POST   /api/manager/approvals/bulk",
  "GET    /api/manager/member/:userId/hours",
  "GET    /api/manager/member/:userId/leaves",
  "GET    /api/manager/member/:userId/overview",
  "GET    /api/manager/member/:userId/requests",
  "GET    /api/manager/member/:userId/tasks",
  "GET    /api/manager/my-requests",
  "GET    /api/manager/team-analytics",
  "GET    /api/manager/team-attendance",
  "GET    /api/me/status",
  "PUT    /api/me/status",
  "POST   /api/me/status/activity-ping",
  "PUT    /api/me/status/presence-preference",
  "GET    /api/meetings",
  "POST   /api/meetings",
  "GET    /api/meetings/:code",
  "POST   /api/meetings/:code/hls/start",
  "GET    /api/meetings/:code/hls/status",
  "POST   /api/meetings/:code/hls/stop",
  "GET    /api/meetings/:code/messages",
  "DELETE /api/meetings/:id",
  "PUT    /api/meetings/:id",
  "GET    /api/meetings/:id/participants",
  "POST   /api/meetings/:id/participants",
  "DELETE /api/meetings/:id/participants/:userId",
  "POST   /api/meetings/check-conflicts",
  "GET    /api/notes",
  "PUT    /api/notes",
  "POST   /api/notes/convert-to-task",
  "GET    /api/notes/daily-prefill",
  "GET    /api/notes/direct-reports",
  "GET    /api/notes/history/:pageId",
  "GET    /api/notes/history/snapshot/:id",
  "DELETE /api/notes/links",
  "POST   /api/notes/links",
  "GET    /api/notes/links/:pageId",
  "POST   /api/notes/mention",
  "GET    /api/notes/mentionable-users",
  "GET    /api/notes/oneonone-prefill/:userId",
  "GET    /api/notes/search-events",
  "GET    /api/notes/search-meetings",
  "GET    /api/notes/search-tasks",
  "DELETE /api/notes/share/:pageId",
  "GET    /api/notes/share/:pageId",
  "POST   /api/notes/share/:pageId",
  "GET    /api/notes/sprint-embed",
  "GET    /api/notes/time-summary",
  "GET    /api/notifications",
  "DELETE /api/notifications/:id",
  "POST   /api/notifications/:id/read",
  "GET    /api/notifications/announcements",
  "GET    /api/notifications/metrics",
  "POST   /api/notifications/metrics/events",
  "POST   /api/notifications/read-all",
  "POST   /api/org",
  "GET    /api/org/chart",
  "GET    /api/org/current",
  "GET    /api/org/departments",
  "POST   /api/org/departments",
  "DELETE /api/org/departments/:id",
  "PUT    /api/org/departments/:id",
  "POST   /api/org/invite",
  "GET    /api/org/members",
  "POST   /api/org/remove-member",
  "GET    /api/org/roles",
  "POST   /api/org/roles",
  "DELETE /api/org/roles/:role_key",
  "PATCH  /api/org/roles/:role_key",
  "PUT    /api/org/settings",
  "GET    /api/org/teams",
  "POST   /api/org/teams",
  "DELETE /api/org/teams/:id",
  "PUT    /api/org/teams/:id",
  "GET    /api/org/teams/:id/sprint-config",
  "PUT    /api/org/teams/:id/sprint-config",
  "GET    /api/platform-access",
  "POST   /api/platform-access/:id/approve",
  "POST   /api/platform-access/:id/deny",
  "POST   /api/platform-access/:id/revoke",
  "GET    /api/platform-access/active-session",
  "DELETE /api/profile",
  "GET    /api/profile",
  "PUT    /api/profile",
  "DELETE /api/profile/avatar",
  "POST   /api/profile/avatar",
  "PUT    /api/profile/email",
  "DELETE /api/profile/face-enroll",
  "POST   /api/profile/face-enroll",
  "GET    /api/profile/face-status",
  "GET    /api/profile/notification-prefs",
  "PUT    /api/profile/notification-prefs",
  "PUT    /api/profile/password",
  "GET    /api/projects",
  "POST   /api/projects",
  "DELETE /api/projects/:id",
  "GET    /api/projects/:id",
  "PUT    /api/projects/:id",
  "PATCH  /api/projects/:id/archive",
  "GET    /api/projects/:id/tasks",
  "GET    /api/public/branding",
  "GET    /api/public/branding/logo",
  "GET    /api/public/notes/:token",
  "GET    /api/public/plan-catalog",
  "GET    /api/search",
  "GET    /api/service-desk/stats",
  "GET    /api/service-desk/tickets",
  "POST   /api/service-desk/tickets",
  "DELETE /api/service-desk/tickets/:id",
  "GET    /api/service-desk/tickets/:id",
  "PATCH  /api/service-desk/tickets/:id",
  "GET    /api/sprints",
  "POST   /api/sprints",
  "DELETE /api/sprints/:id",
  "PUT    /api/sprints/:id",
  "GET    /api/sprints/:id/burndown",
  "GET    /api/sprints/:id/carried-over",
  "POST   /api/sprints/:id/complete",
  "GET    /api/sprints/:id/cumulative-flow",
  "GET    /api/sprints/:id/cycle-time",
  "POST   /api/sprints/:id/pause",
  "POST   /api/sprints/:id/resume",
  "GET    /api/sprints/:id/retrospective",
  "PUT    /api/sprints/:id/retrospective",
  "POST   /api/sprints/:id/start",
  "GET    /api/sprints/:id/stats",
  "GET    /api/sprints/:id/tasks",
  "GET    /api/sprints/active",
  "GET    /api/sprints/velocity/recent",
  "GET    /api/tasks",
  "POST   /api/tasks",
  "DELETE /api/tasks/:id",
  "PUT    /api/tasks/:id",
  "GET    /api/tasks/:id/acceptance-criteria",
  "PUT    /api/tasks/:id/acceptance-criteria",
  "PATCH  /api/tasks/:id/assign-sprint",
  "PATCH  /api/tasks/:id/block",
  "GET    /api/tasks/:id/children",
  "GET    /api/tasks/:id/comments",
  "POST   /api/tasks/:id/comments",
  "DELETE /api/tasks/:id/comments/:commentId",
  "PUT    /api/tasks/:id/comments/:commentId",
  "GET    /api/tasks/:id/dependencies",
  "POST   /api/tasks/:id/dependencies",
  "DELETE /api/tasks/:id/dependencies/:depId",
  "GET    /api/tasks/:id/detail",
  "GET    /api/tasks/:id/git",
  "POST   /api/tasks/:id/git",
  "DELETE /api/tasks/:id/git/:refId",
  "GET    /api/tasks/:id/history",
  "GET    /api/tasks/:id/parent",
  "PATCH  /api/tasks/:id/parent",
  "PATCH  /api/tasks/:id/schedule",
  "PATCH  /api/tasks/:id/status",
  "PATCH  /api/tasks/:id/unschedule",
  "GET    /api/tasks/assignable-users",
  "GET    /api/tasks/available-sprints",
  "GET    /api/tasks/backlog",
  "POST   /api/tasks/backlog",
  "POST   /api/tasks/carry-forward",
  "GET    /api/tasks/labels",
  "POST   /api/tasks/labels",
  "DELETE /api/tasks/labels/:id",
  "PUT    /api/tasks/labels/:id",
  "GET    /api/tasks/labels/manage",
  "GET    /api/tasks/lookup/quicksearch",
  "GET    /api/tasks/search",
  "GET    /api/tracker/analytics",
  "POST   /api/tracker/break-end",
  "POST   /api/tracker/break-start",
  "POST   /api/tracker/clock-in",
  "POST   /api/tracker/clock-out",
  "DELETE /api/tracker/entries/:date",
  "GET    /api/tracker/entries/:date",
  "GET    /api/tracker/history",
  "GET    /api/tracker/manual-entries",
  "POST   /api/tracker/manual-entry",
  "PUT    /api/tracker/manual-entry/:date",
  "POST   /api/tracker/overtime-request",
  "GET    /api/tracker/overtime-requests",
  "GET    /api/tracker/status",
  "GET    /api/tracker/task-summary",
  "GET    /api/tracker/theme",
  "PUT    /api/tracker/theme",
  "GET    /api/tracker/weekly",
  "GET    /api/tracker/widgets",
  "POST   /api/webhooks/github/:integrationId",
  "GET    /healthz",
  "GET    /metrics",
  "GET    /readyz",
]
`;
